[jangra14111999.wixsite.com/my-site-1.html]
[static.parastorage.com/unpkg/core-js-bundle@3.2.1/minified.js]
[static.parastorage.com/unpkg/focus-within-polyfill@5.0.9/dist/focus-within-polyfill.js]
[backblue.gif]
[fade.gif]
[index.html]
[polyfill.io/v3/polyfill.mind82c.js]
[jangra14111999.wixsite.com/my-site-1/decodeURIComponent(e]
[browser.sentry-cdn.com/5.21.4/bundle.min.js]
[jangra14111999.wixsite.com/my-site-1/https_]
[jangra14111999.wixsite.com/my-site-1/robots.txt]
[jangra14111999.wixsite.com/my-site-1/sitemap.xml]
[jangra14111999.wixsite.com/my-site-1/feed.xml]
[static.parastorage.com/services/wix-thunderbolt/dist/bootstrap-features.fe95e8b1.chunk.min.js]
[static.parastorage.com/services/wix-thunderbolt/dist/main.a2556c18.chunk.min.js]
[static.parastorage.com/unpkg/lodash@4.17.15/lodash.min.js]
[static.parastorage.com/unpkg/react@16.13.1/umd/react.production.min.js]
[static.parastorage.com/services/wix-thunderbolt/dist/wix-code-sdk-providers.31bdeb35.chunk.min.js]
[static.parastorage.com/services/wix-thunderbolt/dist/page-features.ae667b3e.chunk.min.js]
[static.parastorage.com/services/wix-thunderbolt/dist/ooi.b29aa2e0.chunk.min.js]
[static.parastorage.com/services/wix-thunderbolt/dist/siteMembers.02ecf8c9.chunk.min.js]
[static.parastorage.com/services/wix-thunderbolt/dist/tpaCommons.9aeaa039.chunk.min.js]
[static.parastorage.com/services/wix-thunderbolt/dist/windowMessageRegistrar.0ba55729.chunk.min.js]
[static.parastorage.com/services/wix-thunderbolt/dist/platform.87784f29.chunk.min.js]
[static.parastorage.com/services/tag-manager-client/1.413.0/siteTags.bundle.min.js]
[static.parastorage.com/services/editor-elements/dist/thunderboltElements.1903e70e.bundle.min.js]
[jangra14111999.wixsite.com/index.html]
[static.parastorage.com/services/wix-perf-measure/1.466.0/wix-perf-measure.bundle.min.js]
[static.parastorage.com/unpkg/react-dom@16.13.1/umd/react-dom.production.min.js]
[jangra14111999.wixsite.com/my-site-1/version/index.html]
[static.parastorage.com/services/wix-thunderbolt/dist/activePopup.c4f95473.chunk.min.js]
[static.parastorage.com/services/wix-thunderbolt/dist/pageTransitions.19a2e879.chunk.min.js]
[static.parastorage.com/services/editor-elements/dist/bootstrap-components-common.298f32be.chunk.min.js]
[static.parastorage.com/services/editor-elements/dist/bootstrap-components-responsive.45771a1f.chunk.min.js]
[static.parastorage.com/services/editor-elements/dist/bootstrap-components-classic.eed27cba.chunk.min.js]
[static.parastorage.com/services/editor-elements/dist/BgImageStrip.645b4868.chunk.min.js]
[static.parastorage.com/services/editor-elements/dist/FreemiumBannerDesktop.b64b233d.chunk.min.js]
[static.parastorage.com/services/editor-elements/dist/WPhoto_CirclePhoto.8b6f85bc.chunk.min.js]
[static.parastorage.com/services/editor-elements/dist/SiteButton_CircleButton.fa167505.chunk.min.js]
[static.wixstatic.com/media/7231df_e8d0da94b8a94270be835e8645c9a1a4_mv2.png/v1/fill/w_192,h_240,al_c,usm_0.66_1.00_0.01,blur_1/7231df_e8d0da94b8a94270be835e8645c9a1a4_mv2.png]
[jangra14111999.wixsite.com/my-site-1/resume.html]
[jangra14111999.wixsite.com/my-site-1/projects.html]
[jangra14111999.wixsite.com/my-site-1/contact.html]
[static.wixstatic.com/media/7231df_86835fbaff024dc08961e9cd45716179_mv2.png/v1/fill/w_154,h_152,al_c,usm_0.66_1.00_0.01,blur_2/Ca_PNG.png]
[jangra14111999.wixsite.com/my-site-1.html]
[jangra14111999.wixsite.com/my-site-1/decodeURIComponent(e.html]
[jangra14111999.wixsite.com/my-site-1/https_.html]
[jangra14111999.wixsite.com/my-site-1/robots.html]
[jangra14111999.wixsite.com/my-site-1/sitemap.html]
[jangra14111999.wixsite.com/my-site-1/feed.html]
[jangra14111999.wixsite.com/index.html]
[jangra14111999.wixsite.com/my-site-1/version/index.html]
[static.parastorage.com/services/editor-elements/dist/componentSdks.fbf38484.bundle.min.js]
[static.parastorage.com/services/wix-thunderbolt/dist/pageAnchors.05e86b30.chunk.min.js]
[static.parastorage.com/services/editor-elements/dist/FiveGridLine_SolidLine.286e461d.chunk.min.js]
[static.parastorage.com/services/editor-elements/dist/Container_CircleArea.4edf024a.chunk.min.js]
[jangra14111999.wixsite.com/my-site-1/resume.html]
[jangra14111999.wixsite.com/my-site-1/projects.html]
[static.parastorage.com/services/wix-thunderbolt/dist/onloadCompsBehaviors.3fcd6437.chunk.min.js]
[static.parastorage.com/services/wix-thunderbolt/dist/ooiTpaSharedConfig.c0f65fc9.chunk.min.js]
[static.parastorage.com/services/wix-thunderbolt/dist/platformPubsub.53f75229.chunk.min.js]
[static.parastorage.com/services/wix-thunderbolt/dist/protectedPages.dcf45e65.chunk.min.js]
[static.parastorage.com/services/wix-thunderbolt/dist/tpa.1ea8e0c7.chunk.min.js]
[static.parastorage.com/services/editor-elements/dist/AppWidget.51732de2.chunk.min.js]
[static.parastorage.com/services/editor-elements/dist/FormContainer_FormContainerSkin.d7f48d58.chunk.min.js]
[static.parastorage.com/services/editor-elements/dist/common-site-members-dialogs.9d9f2fd1.chunk.min.js]
[static.parastorage.com/services/editor-elements/dist/TextInput.cd2a73a7.chunk.min.js]
[static.parastorage.com/services/editor-elements/dist/TextAreaInput.813317f4.chunk.min.js]
[jangra14111999.wixsite.com/my-site-1/contact.html]
